
Merging program properties

Removed property 0xc0000002 to merge /usr/lib/gcc/x86_64-pc-linux-gnu/14.2.1/../../../../lib/crti.o (0x3) and /tmp/ccwijPO0.o (not found)
Updated property 0xc0010001 (0x9) to merge /usr/lib/gcc/x86_64-pc-linux-gnu/14.2.1/../../../../lib/crti.o (0x1) and /tmp/ccFqVkRs.o (0x9)
Updated property 0xc0010002 (0x1) to merge /usr/lib/gcc/x86_64-pc-linux-gnu/14.2.1/../../../../lib/crti.o (0x0) and /tmp/ccFqVkRs.o (0x1)
Updated property 0xc0010001 (0x9) to merge /usr/lib/gcc/x86_64-pc-linux-gnu/14.2.1/../../../../lib/crti.o (0x9) and /usr/lib/gcc/x86_64-pc-linux-gnu/14.2.1/crtendS.o (0x1)
Updated property 0xc0010002 (0x1) to merge /usr/lib/gcc/x86_64-pc-linux-gnu/14.2.1/../../../../lib/crti.o (0x1) and /usr/lib/gcc/x86_64-pc-linux-gnu/14.2.1/crtendS.o (0x0)
Removed property 0xc0000002 to merge /usr/lib/gcc/x86_64-pc-linux-gnu/14.2.1/../../../../lib/crti.o (not found) and /usr/lib/gcc/x86_64-pc-linux-gnu/14.2.1/crtendS.o (0x3)
Updated property 0xc0010001 (0x9) to merge /usr/lib/gcc/x86_64-pc-linux-gnu/14.2.1/../../../../lib/crti.o (0x9) and /usr/lib/gcc/x86_64-pc-linux-gnu/14.2.1/../../../../lib/crtn.o (0x1)
Updated property 0xc0010002 (0x1) to merge /usr/lib/gcc/x86_64-pc-linux-gnu/14.2.1/../../../../lib/crti.o (0x1) and /usr/lib/gcc/x86_64-pc-linux-gnu/14.2.1/../../../../lib/crtn.o (0x0)
Removed property 0xc0000002 to merge /usr/lib/gcc/x86_64-pc-linux-gnu/14.2.1/../../../../lib/crti.o (not found) and /usr/lib/gcc/x86_64-pc-linux-gnu/14.2.1/../../../../lib/crtn.o (0x3)

Discarded input sections

 .note.GNU-stack
                0x0000000000000000        0x0 /usr/lib/gcc/x86_64-pc-linux-gnu/14.2.1/../../../../lib/crti.o
 .gnu_debuglink
                0x0000000000000000       0x14 /usr/lib/gcc/x86_64-pc-linux-gnu/14.2.1/../../../../lib/crti.o
 .note.GNU-stack
                0x0000000000000000        0x0 /usr/lib/gcc/x86_64-pc-linux-gnu/14.2.1/crtbeginS.o
 .note.gnu.property
                0x0000000000000000       0x50 /usr/lib/gcc/x86_64-pc-linux-gnu/14.2.1/crtbeginS.o
 .gnu_debuglink
                0x0000000000000000       0x18 /usr/lib/gcc/x86_64-pc-linux-gnu/14.2.1/crtbeginS.o
 .note.GNU-stack
                0x0000000000000000        0x0 /tmp/ccwijPO0.o
 .note.gnu.property
                0x0000000000000000       0x30 /tmp/ccwijPO0.o
 .note.GNU-stack
                0x0000000000000000        0x0 /tmp/ccFqVkRs.o
 .note.gnu.property
                0x0000000000000000       0x30 /tmp/ccFqVkRs.o
 .note.GNU-stack
                0x0000000000000000        0x0 /usr/lib/gcc/x86_64-pc-linux-gnu/14.2.1/crtendS.o
 .note.gnu.property
                0x0000000000000000       0x50 /usr/lib/gcc/x86_64-pc-linux-gnu/14.2.1/crtendS.o
 .gnu_debuglink
                0x0000000000000000       0x14 /usr/lib/gcc/x86_64-pc-linux-gnu/14.2.1/crtendS.o
 .note.gnu.property
                0x0000000000000000       0x50 /usr/lib/gcc/x86_64-pc-linux-gnu/14.2.1/../../../../lib/crtn.o
 .note.GNU-stack
                0x0000000000000000        0x0 /usr/lib/gcc/x86_64-pc-linux-gnu/14.2.1/../../../../lib/crtn.o
 .gnu_debuglink
                0x0000000000000000       0x14 /usr/lib/gcc/x86_64-pc-linux-gnu/14.2.1/../../../../lib/crtn.o

Memory Configuration

Name             Origin             Length             Attributes
*default*        0x0000000000000000 0xffffffffffffffff

Linker script and memory map

LOAD /usr/lib/gcc/x86_64-pc-linux-gnu/14.2.1/../../../../lib/crti.o
LOAD /usr/lib/gcc/x86_64-pc-linux-gnu/14.2.1/crtbeginS.o
LOAD /tmp/ccwijPO0.o
LOAD /tmp/ccFqVkRs.o
LOAD /usr/lib/gcc/x86_64-pc-linux-gnu/14.2.1/libgcc.a
LOAD /usr/lib/gcc/x86_64-pc-linux-gnu/14.2.1/../../../../lib/libgcc_s.so
START GROUP
LOAD /usr/lib/gcc/x86_64-pc-linux-gnu/14.2.1/../../../../lib/libgcc_s.so.1
LOAD /usr/lib/gcc/x86_64-pc-linux-gnu/14.2.1/libgcc.a
END GROUP
LOAD /usr/lib/gcc/x86_64-pc-linux-gnu/14.2.1/../../../../lib/libc.so
START GROUP
LOAD /usr/lib/libc.so.6
LOAD /usr/lib/libc_nonshared.a
LOAD /usr/lib/ld-linux-x86-64.so.2
END GROUP
LOAD /usr/lib/gcc/x86_64-pc-linux-gnu/14.2.1/libgcc.a
LOAD /usr/lib/gcc/x86_64-pc-linux-gnu/14.2.1/../../../../lib/libgcc_s.so
START GROUP
LOAD /usr/lib/gcc/x86_64-pc-linux-gnu/14.2.1/../../../../lib/libgcc_s.so.1
LOAD /usr/lib/gcc/x86_64-pc-linux-gnu/14.2.1/libgcc.a
END GROUP
LOAD /usr/lib/gcc/x86_64-pc-linux-gnu/14.2.1/crtendS.o
LOAD /usr/lib/gcc/x86_64-pc-linux-gnu/14.2.1/../../../../lib/crtn.o
                0x00000000000002a8                . = (SEGMENT_START ("text-segment", 0x0) + SIZEOF_HEADERS)

.note.gnu.property
                0x00000000000002a8       0x30
 .note.gnu.property
                0x00000000000002a8       0x30 /usr/lib/gcc/x86_64-pc-linux-gnu/14.2.1/../../../../lib/crti.o

.note.gnu.build-id
                0x00000000000002d8       0x24
 *(.note.gnu.build-id)
 .note.gnu.build-id
                0x00000000000002d8       0x24 /usr/lib/gcc/x86_64-pc-linux-gnu/14.2.1/../../../../lib/crti.o

.hash
 *(.hash)

.gnu.hash       0x0000000000000300       0x34
 *(.gnu.hash)
 .gnu.hash      0x0000000000000300       0x34 /usr/lib/gcc/x86_64-pc-linux-gnu/14.2.1/../../../../lib/crti.o

.dynsym         0x0000000000000338      0x120
 *(.dynsym)
 .dynsym        0x0000000000000338      0x120 /usr/lib/gcc/x86_64-pc-linux-gnu/14.2.1/../../../../lib/crti.o

.dynstr         0x0000000000000458       0x95
 *(.dynstr)
 .dynstr        0x0000000000000458       0x95 /usr/lib/gcc/x86_64-pc-linux-gnu/14.2.1/../../../../lib/crti.o

.gnu.version    0x00000000000004ee       0x18
 *(.gnu.version)
 .gnu.version   0x00000000000004ee       0x18 /usr/lib/gcc/x86_64-pc-linux-gnu/14.2.1/../../../../lib/crti.o

.gnu.version_d  0x0000000000000508        0x0
 *(.gnu.version_d)
 .gnu.version_d
                0x0000000000000508        0x0 /usr/lib/gcc/x86_64-pc-linux-gnu/14.2.1/../../../../lib/crti.o

.gnu.version_r  0x0000000000000508       0x20
 *(.gnu.version_r)
 .gnu.version_r
                0x0000000000000508       0x20 /usr/lib/gcc/x86_64-pc-linux-gnu/14.2.1/../../../../lib/crti.o

.rela.dyn       0x0000000000000528       0xa8
 *(.rela.init)
 *(.rela.text .rela.text.* .rela.gnu.linkonce.t.*)
 .rela.text     0x0000000000000528        0x0 /usr/lib/gcc/x86_64-pc-linux-gnu/14.2.1/../../../../lib/crti.o
 *(.rela.fini)
 *(.rela.rodata .rela.rodata.* .rela.gnu.linkonce.r.*)
 *(.rela.data .rela.data.* .rela.gnu.linkonce.d.*)
 .rela.data.rel.local
                0x0000000000000528       0x18 /usr/lib/gcc/x86_64-pc-linux-gnu/14.2.1/../../../../lib/crti.o
 *(.rela.tdata .rela.tdata.* .rela.gnu.linkonce.td.*)
 *(.rela.tbss .rela.tbss.* .rela.gnu.linkonce.tb.*)
 *(.rela.ctors)
 *(.rela.dtors)
 *(.rela.got)
 .rela.got      0x0000000000000540       0x60 /usr/lib/gcc/x86_64-pc-linux-gnu/14.2.1/../../../../lib/crti.o
 *(.rela.bss .rela.bss.* .rela.gnu.linkonce.b.*)
 *(.rela.ldata .rela.ldata.* .rela.gnu.linkonce.l.*)
 *(.rela.lbss .rela.lbss.* .rela.gnu.linkonce.lb.*)
 *(.rela.lrodata .rela.lrodata.* .rela.gnu.linkonce.lr.*)
 *(.rela.ifunc)
 .rela.ifunc    0x00000000000005a0        0x0 /usr/lib/gcc/x86_64-pc-linux-gnu/14.2.1/../../../../lib/crti.o
 .rela.fini_array
                0x00000000000005a0       0x18 /usr/lib/gcc/x86_64-pc-linux-gnu/14.2.1/../../../../lib/crti.o
 .rela.init_array
                0x00000000000005b8       0x18 /usr/lib/gcc/x86_64-pc-linux-gnu/14.2.1/../../../../lib/crti.o

.rela.plt       0x00000000000005d0       0x48
 *(.rela.plt)
 .rela.plt      0x00000000000005d0       0x48 /usr/lib/gcc/x86_64-pc-linux-gnu/14.2.1/../../../../lib/crti.o
 *(.rela.iplt)

.relr.dyn
 *(.relr.dyn)
                0x0000000000001000                . = ALIGN (CONSTANT (MAXPAGESIZE))

.init           0x0000000000001000       0x1b
 *(SORT_NONE(.init))
 .init          0x0000000000001000       0x16 /usr/lib/gcc/x86_64-pc-linux-gnu/14.2.1/../../../../lib/crti.o
                0x0000000000001000                _init
 .init          0x0000000000001016        0x5 /usr/lib/gcc/x86_64-pc-linux-gnu/14.2.1/../../../../lib/crtn.o

.plt            0x0000000000001020       0x40
 *(.plt)
 .plt           0x0000000000001020       0x40 /usr/lib/gcc/x86_64-pc-linux-gnu/14.2.1/../../../../lib/crti.o
 *(.iplt)

.plt.got        0x0000000000001060        0x0
 *(.plt.got)
 .plt.got       0x0000000000001060        0x0 /usr/lib/gcc/x86_64-pc-linux-gnu/14.2.1/../../../../lib/crti.o

.plt.sec
 *(.plt.sec)

.text           0x0000000000001060      0x310
 *(.text.unlikely .text.*_unlikely .text.unlikely.*)
 *(.text.exit .text.exit.*)
 *(.text.startup .text.startup.*)
 *(.text.hot .text.hot.*)
 *(SORT_BY_NAME(.text.sorted.*))
 *(.text .stub .text.* .gnu.linkonce.t.*)
 .text          0x0000000000001060        0x0 /usr/lib/gcc/x86_64-pc-linux-gnu/14.2.1/../../../../lib/crti.o
 .text          0x0000000000001060       0xc9 /usr/lib/gcc/x86_64-pc-linux-gnu/14.2.1/crtbeginS.o
 .text          0x0000000000001129      0x20b /tmp/ccwijPO0.o
                0x0000000000001129                display
                0x00000000000011a6                somevar
                0x000000000000127d                peek
                0x000000000000131e                say_hi
 .text          0x0000000000001334       0x3c /tmp/ccFqVkRs.o
                0x0000000000001334                calc
                0x000000000000135e                inner_calc
 .text          0x0000000000001370        0x0 /usr/lib/gcc/x86_64-pc-linux-gnu/14.2.1/crtendS.o
 .text          0x0000000000001370        0x0 /usr/lib/gcc/x86_64-pc-linux-gnu/14.2.1/../../../../lib/crtn.o
 *(.gnu.warning)

.fini           0x0000000000001370        0xd
 *(SORT_NONE(.fini))
 .fini          0x0000000000001370        0x8 /usr/lib/gcc/x86_64-pc-linux-gnu/14.2.1/../../../../lib/crti.o
                0x0000000000001370                _fini
 .fini          0x0000000000001378        0x5 /usr/lib/gcc/x86_64-pc-linux-gnu/14.2.1/../../../../lib/crtn.o
                [!provide]                        PROVIDE (__etext = .)
                [!provide]                        PROVIDE (_etext = .)
                [!provide]                        PROVIDE (etext = .)
                0x0000000000002000                . = ALIGN (CONSTANT (MAXPAGESIZE))
                0x0000000000002000                . = SEGMENT_START ("rodata-segment", (ALIGN (CONSTANT (MAXPAGESIZE)) + (. & (CONSTANT (MAXPAGESIZE) - 0x1))))

.rodata         0x0000000000002000       0xa7
 *(.rodata .rodata.* .gnu.linkonce.r.*)
 .rodata        0x0000000000002000       0xa7 /tmp/ccwijPO0.o

.rodata1
 *(.rodata1)

.eh_frame_hdr   0x00000000000020a8       0x4c
 *(.eh_frame_hdr)
 .eh_frame_hdr  0x00000000000020a8       0x4c /tmp/ccwijPO0.o
                0x00000000000020a8                __GNU_EH_FRAME_HDR
 *(.eh_frame_entry .eh_frame_entry.*)

.eh_frame       0x00000000000020f8      0x124
 *(.eh_frame)
 .eh_frame      0x00000000000020f8       0x40 /usr/lib/gcc/x86_64-pc-linux-gnu/14.2.1/../../../../lib/crti.o
 .eh_frame      0x0000000000002138        0x0 /usr/lib/gcc/x86_64-pc-linux-gnu/14.2.1/../../../../lib/crti.o
 .eh_frame      0x0000000000002138       0xa0 /tmp/ccwijPO0.o
                                         0xb8 (size before relaxing)
 .eh_frame      0x00000000000021d8       0x40 /tmp/ccFqVkRs.o
                                         0x58 (size before relaxing)
 .eh_frame      0x0000000000002218        0x4 /usr/lib/gcc/x86_64-pc-linux-gnu/14.2.1/crtendS.o
 *(.eh_frame.*)

.sframe         0x000000000000221c        0x0
 *(.sframe)
 .sframe        0x000000000000221c        0x0 /usr/lib/gcc/x86_64-pc-linux-gnu/14.2.1/../../../../lib/crti.o
 *(.sframe.*)

.gcc_except_table
 *(.gcc_except_table .gcc_except_table.*)

.gnu_extab
 *(.gnu_extab*)

.exception_ranges
 *(.exception_ranges*)
                0x0000000000003df8                . = DATA_SEGMENT_ALIGN (CONSTANT (MAXPAGESIZE), CONSTANT (COMMONPAGESIZE))

.eh_frame
 *(.eh_frame)
 *(.eh_frame.*)

.sframe
 *(.sframe)
 *(.sframe.*)

.gnu_extab
 *(.gnu_extab)

.gcc_except_table
 *(.gcc_except_table .gcc_except_table.*)

.exception_ranges
 *(.exception_ranges*)

.tdata
 *(.tdata .tdata.* .gnu.linkonce.td.*)

.tbss
 *(.tbss .tbss.* .gnu.linkonce.tb.*)
 *(.tcommon)

.preinit_array
 *(.preinit_array)

.init_array     0x0000000000003df8        0x8
 *(SORT_BY_INIT_PRIORITY(.init_array.*) SORT_BY_INIT_PRIORITY(.ctors.*))
 *(.init_array EXCLUDE_FILE(*crtend?.o *crtend.o *crtbegin?.o *crtbegin.o) .ctors)
 .init_array    0x0000000000003df8        0x8 /usr/lib/gcc/x86_64-pc-linux-gnu/14.2.1/crtbeginS.o

.fini_array     0x0000000000003e00        0x8
 *(SORT_BY_INIT_PRIORITY(.fini_array.*) SORT_BY_INIT_PRIORITY(.dtors.*))
 *(.fini_array EXCLUDE_FILE(*crtend?.o *crtend.o *crtbegin?.o *crtbegin.o) .dtors)
 .fini_array    0x0000000000003e00        0x8 /usr/lib/gcc/x86_64-pc-linux-gnu/14.2.1/crtbeginS.o

.ctors
 *crtbegin.o(.ctors)
 *crtbegin?.o(.ctors)
 *(EXCLUDE_FILE(*crtend?.o *crtend.o) .ctors)
 *(SORT_BY_NAME(.ctors.*))
 *(.ctors)

.dtors
 *crtbegin.o(.dtors)
 *crtbegin?.o(.dtors)
 *(EXCLUDE_FILE(*crtend?.o *crtend.o) .dtors)
 *(SORT_BY_NAME(.dtors.*))
 *(.dtors)

.jcr
 *(.jcr)

.data.rel.ro    0x0000000000003e08        0x0
 *(.data.rel.ro.local* .gnu.linkonce.d.rel.ro.local.*)
 *(.data.rel.ro .data.rel.ro.* .gnu.linkonce.d.rel.ro.*)
 .data.rel.ro   0x0000000000003e08        0x0 /usr/lib/gcc/x86_64-pc-linux-gnu/14.2.1/../../../../lib/crti.o

.dynamic        0x0000000000003e08      0x1c0
 *(.dynamic)
 .dynamic       0x0000000000003e08      0x1c0 /usr/lib/gcc/x86_64-pc-linux-gnu/14.2.1/../../../../lib/crti.o
                0x0000000000003e08                _DYNAMIC

.got            0x0000000000003fc8       0x20
 *(.got)
 .got           0x0000000000003fc8       0x20 /usr/lib/gcc/x86_64-pc-linux-gnu/14.2.1/../../../../lib/crti.o
 *(.igot)
                0x0000000000003fe8                . = DATA_SEGMENT_RELRO_END (., (SIZEOF (.got.plt) >= 0x18)?0x18:0x0)

.got.plt        0x0000000000003fe8       0x30
 *(.got.plt)
 .got.plt       0x0000000000003fe8       0x30 /usr/lib/gcc/x86_64-pc-linux-gnu/14.2.1/../../../../lib/crti.o
                0x0000000000003fe8                _GLOBAL_OFFSET_TABLE_
 *(.igot.plt)

.data           0x0000000000004020       0x20
 *(.data .data.* .gnu.linkonce.d.*)
 .data          0x0000000000004020        0x0 /usr/lib/gcc/x86_64-pc-linux-gnu/14.2.1/../../../../lib/crti.o
 .data          0x0000000000004020        0x0 /usr/lib/gcc/x86_64-pc-linux-gnu/14.2.1/crtbeginS.o
 .data.rel.local
                0x0000000000004020        0x8 /usr/lib/gcc/x86_64-pc-linux-gnu/14.2.1/crtbeginS.o
                0x0000000000004020                __dso_handle
 .data          0x0000000000004028        0x4 /tmp/ccwijPO0.o
                0x0000000000004028                MYLIB_VERSION
 *fill*         0x000000000000402c        0x4 
 .data          0x0000000000004030       0x10 /tmp/ccFqVkRs.o
                0x0000000000004030                MY_BASE
 .data          0x0000000000004040        0x0 /usr/lib/gcc/x86_64-pc-linux-gnu/14.2.1/crtendS.o
 .data          0x0000000000004040        0x0 /usr/lib/gcc/x86_64-pc-linux-gnu/14.2.1/../../../../lib/crtn.o

.tm_clone_table
                0x0000000000004040        0x0
 .tm_clone_table
                0x0000000000004040        0x0 /usr/lib/gcc/x86_64-pc-linux-gnu/14.2.1/crtbeginS.o
 .tm_clone_table
                0x0000000000004040        0x0 /usr/lib/gcc/x86_64-pc-linux-gnu/14.2.1/crtendS.o

.data1
 *(.data1)
                [!provide]                        PROVIDE (_edata = .)
                [!provide]                        PROVIDE (edata = .)
                0x0000000000004040                . = ALIGN (ALIGNOF (NEXT_SECTION))
                [!provide]                        PROVIDE (__bss_start = .)

.bss            0x0000000000004040        0x8
 *(.dynbss)
 .dynbss        0x0000000000004040        0x0 /usr/lib/gcc/x86_64-pc-linux-gnu/14.2.1/../../../../lib/crti.o
 *(.bss .bss.* .gnu.linkonce.b.*)
 .bss           0x0000000000004040        0x0 /usr/lib/gcc/x86_64-pc-linux-gnu/14.2.1/../../../../lib/crti.o
 .bss           0x0000000000004040        0x1 /usr/lib/gcc/x86_64-pc-linux-gnu/14.2.1/crtbeginS.o
 .bss           0x0000000000004041        0x1 /tmp/ccwijPO0.o
                0x0000000000004041                MYLIB_SOMEVAR
 .bss           0x0000000000004042        0x0 /tmp/ccFqVkRs.o
 .bss           0x0000000000004042        0x0 /usr/lib/gcc/x86_64-pc-linux-gnu/14.2.1/crtendS.o
 .bss           0x0000000000004042        0x0 /usr/lib/gcc/x86_64-pc-linux-gnu/14.2.1/../../../../lib/crtn.o
 *(COMMON)
                0x0000000000004048                . = ALIGN ((. != 0x0)?0x8:0x1)
 *fill*         0x0000000000004042        0x6 

.lbss
 *(.dynlbss)
 *(.lbss .lbss.* .gnu.linkonce.lb.*)
 *(LARGE_COMMON)
                0x0000000000004048                . = ALIGN (0x8)
                0x0000000000004048                . = SEGMENT_START ("ldata-segment", .)

.lrodata
 *(.lrodata .lrodata.* .gnu.linkonce.lr.*)

.ldata          0x0000000000006048        0x0
 *(.ldata .ldata.* .gnu.linkonce.l.*)
                0x0000000000006048                . = ALIGN ((. != 0x0)?0x8:0x1)
                0x0000000000006048                . = ALIGN (0x8)
                [!provide]                        PROVIDE (_end = .)
                [!provide]                        PROVIDE (end = .)
                0x0000000000006048                . = DATA_SEGMENT_END (.)

.stab
 *(.stab)

.stabstr
 *(.stabstr)

.stab.excl
 *(.stab.excl)

.stab.exclstr
 *(.stab.exclstr)

.stab.index
 *(.stab.index)

.stab.indexstr
 *(.stab.indexstr)

.comment        0x0000000000000000       0x1b
 *(.comment)
 .comment       0x0000000000000000       0x1b /usr/lib/gcc/x86_64-pc-linux-gnu/14.2.1/crtbeginS.o
                                         0x1c (size before relaxing)
 .comment       0x000000000000001b       0x1c /tmp/ccwijPO0.o
 .comment       0x000000000000001b       0x1c /tmp/ccFqVkRs.o
 .comment       0x000000000000001b       0x1c /usr/lib/gcc/x86_64-pc-linux-gnu/14.2.1/crtendS.o

.gnu.build.attributes
 *(.gnu.build.attributes .gnu.build.attributes.*)

.debug
 *(.debug)

.line
 *(.line)

.debug_srcinfo
 *(.debug_srcinfo)

.debug_sfnames
 *(.debug_sfnames)

.debug_aranges  0x0000000000000000       0x60
 *(.debug_aranges)
 .debug_aranges
                0x0000000000000000       0x30 /tmp/ccwijPO0.o
 .debug_aranges
                0x0000000000000030       0x30 /tmp/ccFqVkRs.o

.debug_pubnames
 *(.debug_pubnames)

.debug_info     0x0000000000000000      0x3d4
 *(.debug_info .gnu.linkonce.wi.*)
 .debug_info    0x0000000000000000      0x29a /tmp/ccwijPO0.o
 .debug_info    0x000000000000029a      0x13a /tmp/ccFqVkRs.o

.debug_abbrev   0x0000000000000000      0x26b
 *(.debug_abbrev)
 .debug_abbrev  0x0000000000000000      0x18e /tmp/ccwijPO0.o
 .debug_abbrev  0x000000000000018e       0xdd /tmp/ccFqVkRs.o

.debug_line     0x0000000000000000      0x18d
 *(.debug_line .debug_line.* .debug_line_end)
 .debug_line    0x0000000000000000      0x104 /tmp/ccwijPO0.o
 .debug_line    0x0000000000000104       0x89 /tmp/ccFqVkRs.o

.debug_frame
 *(.debug_frame)

.debug_str      0x0000000000000000      0x17c
 *(.debug_str)
 .debug_str     0x0000000000000000      0x17c /tmp/ccwijPO0.o
                                        0x18a (size before relaxing)
 .debug_str     0x000000000000017c      0x109 /tmp/ccFqVkRs.o

.debug_loc
 *(.debug_loc)

.debug_macinfo
 *(.debug_macinfo)

.debug_weaknames
 *(.debug_weaknames)

.debug_funcnames
 *(.debug_funcnames)

.debug_typenames
 *(.debug_typenames)

.debug_varnames
 *(.debug_varnames)

.debug_pubtypes
 *(.debug_pubtypes)

.debug_ranges
 *(.debug_ranges)

.debug_addr
 *(.debug_addr)

.debug_line_str
                0x0000000000000000       0xa9
 *(.debug_line_str)
 .debug_line_str
                0x0000000000000000       0xa9 /tmp/ccwijPO0.o
                                         0xad (size before relaxing)
 .debug_line_str
                0x00000000000000a9       0xb2 /tmp/ccFqVkRs.o

.debug_loclists
 *(.debug_loclists)

.debug_macro
 *(.debug_macro)

.debug_names
 *(.debug_names)

.debug_rnglists
 *(.debug_rnglists)

.debug_str_offsets
 *(.debug_str_offsets)

.debug_sup
 *(.debug_sup)

.gnu.attributes
 *(.gnu.attributes)

/DISCARD/
 *(.note.GNU-stack)
 *(.gnu_debuglink)
 *(.gnu.lto_*)
OUTPUT(libmylib.so elf64-x86-64)
